// Jest Snapshot v1, https://goo.gl/fbAQLP

exports[`HomePage renders component 1`] = `[Function]`;
