// Jest Snapshot v1, https://goo.gl/fbAQLP

exports[`NavBar component renders correctly 1`] = `[Function]`;
