// Jest Snapshot v1, https://goo.gl/fbAQLP

exports[`RandomSearch component renders correctly with props 1`] = `[Function]`;
