// Jest Snapshot v1, https://goo.gl/fbAQLP

exports[`RandomRecipe components renders correctly 1`] = `[Function]`;
