// Jest Snapshot v1, https://goo.gl/fbAQLP

exports[`SearchByIngredients renders component correctly 1`] = `[Function]`;
