// Jest Snapshot v1, https://goo.gl/fbAQLP

exports[`SearchByRecipe renders component correctly 1`] = `[Function]`;
