// Jest Snapshot v1, https://goo.gl/fbAQLP

exports[`SearchResults component renders with correct props 1`] = `[Function]`;
