// Jest Snapshot v1, https://goo.gl/fbAQLP

exports[`SearchResultsCard component renders correctly 1`] = `[Function]`;
