// Jest Snapshot v1, https://goo.gl/fbAQLP

exports[`SearchForm component renders with correct props 1`] = `[Function]`;
